// Jest Snapshot v1, https://goo.gl/fbAQLP

exports[`Component Button: snapshot 1`] = `
<div>
  <button
    class="button"
  >
    Button
  </button>
</div>
`;
